<html>
<body>
<pre>
<h1>µVision Build Log</h1>
<h2>Tool Versions:</h2>
IDE-Version: •ÏVision V5.36.0.0
Copyright (C) 2021 ARM Ltd and ARM Germany GmbH. All rights reserved.
License Information: shin kyungho, tukorea, LIC=----
 
Tool Versions:
Toolchain:       MDK-Lite  Version: 5.36.0.0
Toolchain Path:  C:\Keil_v5\ARM\ARMCC\Bin
C Compiler:      Armcc.exe V5.06 update 7 (build 960)
Assembler:       Armasm.exe V5.06 update 7 (build 960)
Linker/Locator:  ArmLink.exe V5.06 update 7 (build 960)
Library Manager: ArmAr.exe V5.06 update 7 (build 960)
Hex Converter:   FromElf.exe V5.06 update 7 (build 960)
CPU DLL:         SARMCM3.DLL V5.36.0.0
Dialog DLL:      DARMCM1.DLL V1.19.4.0
Target DLL:      Nu_Link.dll V3.10
Dialog DLL:      TARMCM1.DLL V1.14.4.0
 
<h2>Project:</h2>
C:\Users\SKH\OneDrive\πÆº≠\RTOS Embeded\ICT JJoKKi\23_HF121\Slave_54FDE\E3355_Student_T11_V21_ChosungGameV3\MINI54FDE.uvprojx
Project File Date:  08/29/2023

<h2>Output:</h2>
*** Using Compiler 'V5.06 update 7 (build 960)', folder: 'C:\Keil_v5\ARM\ARMCC\Bin'
Rebuild target 'mini54FDE'
assembling startup_Mini51Series.s...
compiling sys.c...
compiling clk.c...
compiling adc.c...
compiling timer.c...
compiling system_Mini51Series.c...
compiling uart.c...
compiling gpio.c...
compiling Mini54FDE.c...
linking...
Program Size: Code=8552 RO-data=1640 RW-data=40 ZI-data=808  
".\Objects\MINI54FDE.axf" - 0 Error(s), 0 Warning(s).

<h2>Software Packages used:</h2>

Package Vendor: Nuvoton
                https://github.com/OpenNuvoton/cmsis-packs/raw/master/Nuvoton_DFP/Nuvoton.NuMicro_DFP.1.3.18.pack
                Nuvoton.NuMicro_DFP.1.3.18
                Nuvoton ARM Cortex-M NuMicro Family Device Support

<h2>Collection of Component include folders:</h2>
  C:\Users\SKH\AppData\Local\Arm\Packs\Nuvoton\NuMicro_DFP\1.3.18\Device\Mini51\Include

<h2>Collection of Component Files used:</h2>
Build Time Elapsed:  00:00:01
</pre>
</body>
</html>
