Component: ARM Compiler 5.06 update 7 (build 960) Tool: armlink [4d3601]

==============================================================================

Section Cross References

    startup_nuc1xx.o(RESET) refers to startup_nuc1xx.o(STACK) for __initial_sp
    startup_nuc1xx.o(RESET) refers to startup_nuc1xx.o(.text) for Reset_Handler
    startup_nuc1xx.o(RESET) refers to nuc130lc1cn.o(i.TMR0_IRQHandler) for TMR0_IRQHandler
    startup_nuc1xx.o(RESET) refers to nuc130lc1cn.o(i.TMR1_IRQHandler) for TMR1_IRQHandler
    startup_nuc1xx.o(RESET) refers to nuc130lc1cn.o(i.UART02_IRQHandler) for UART02_IRQHandler
    startup_nuc1xx.o(RESET) refers to nuc130lc1cn.o(i.UART1_IRQHandler) for UART1_IRQHandler
    startup_nuc1xx.o(.text) refers to system_nuc100series.o(i.SystemInit) for SystemInit
    startup_nuc1xx.o(.text) refers to entry.o(.ARM.Collect$$$$00000000) for __main
    system_nuc100series.o(i.CLK_GetPLLClockFreq) refers to uidiv.o(.text) for __aeabi_uidivmod
    system_nuc100series.o(i.SystemCoreClockUpdate) refers to system_nuc100series.o(i.CLK_GetPLLClockFreq) for CLK_GetPLLClockFreq
    system_nuc100series.o(i.SystemCoreClockUpdate) refers to uidiv.o(.text) for __aeabi_uidivmod
    system_nuc100series.o(i.SystemCoreClockUpdate) refers to system_nuc100series.o(.data) for PllClock
    clk.o(i.CLK_DisableCKO) refers to clk.o(i.CLK_DisableModuleClock) for CLK_DisableModuleClock
    clk.o(i.CLK_DisableModuleClock) refers to clk.o(.constdata) for .constdata
    clk.o(i.CLK_EnableCKO) refers to clk.o(i.CLK_EnableModuleClock) for CLK_EnableModuleClock
    clk.o(i.CLK_EnableCKO) refers to clk.o(i.CLK_SetModuleClock) for CLK_SetModuleClock
    clk.o(i.CLK_EnableModuleClock) refers to clk.o(.constdata) for .constdata
    clk.o(i.CLK_EnablePLL) refers to clk.o(i.CLK_WaitClockReady) for CLK_WaitClockReady
    clk.o(i.CLK_EnablePLL) refers to uidiv.o(.text) for __aeabi_uidivmod
    clk.o(i.CLK_EnablePLL) refers to clk.o(i.CLK_GetPLLClockFreq) for CLK_GetPLLClockFreq
    clk.o(i.CLK_GetCPUFreq) refers to system_nuc100series.o(i.SystemCoreClockUpdate) for SystemCoreClockUpdate
    clk.o(i.CLK_GetCPUFreq) refers to system_nuc100series.o(.data) for SystemCoreClock
    clk.o(i.CLK_GetHCLKFreq) refers to system_nuc100series.o(i.SystemCoreClockUpdate) for SystemCoreClockUpdate
    clk.o(i.CLK_GetHCLKFreq) refers to system_nuc100series.o(.data) for SystemCoreClock
    clk.o(i.CLK_GetPCLKFreq) refers to system_nuc100series.o(i.SystemCoreClockUpdate) for SystemCoreClockUpdate
    clk.o(i.CLK_GetPCLKFreq) refers to system_nuc100series.o(.data) for SystemCoreClock
    clk.o(i.CLK_GetPLLClockFreq) refers to uidiv.o(.text) for __aeabi_uidivmod
    clk.o(i.CLK_SetCoreClock) refers to clk.o(i.CLK_EnablePLL) for CLK_EnablePLL
    clk.o(i.CLK_SetCoreClock) refers to clk.o(i.CLK_SetHCLK) for CLK_SetHCLK
    clk.o(i.CLK_SetHCLK) refers to system_nuc100series.o(i.SystemCoreClockUpdate) for SystemCoreClockUpdate
    clk.o(i.CLK_SetModuleClock) refers to clk.o(.constdata) for .constdata
    timer.o(i.TIMER_Delay) refers to timer.o(i.TIMER_GetModuleClock) for TIMER_GetModuleClock
    timer.o(i.TIMER_Delay) refers to uidiv.o(.text) for __aeabi_uidivmod
    timer.o(i.TIMER_Delay) refers to system_nuc100series.o(.data) for SystemCoreClock
    timer.o(i.TIMER_GetModuleClock) refers to memcpya.o(.text) for __aeabi_memcpy4
    timer.o(i.TIMER_GetModuleClock) refers to timer.o(.constdata) for .constdata
    timer.o(i.TIMER_GetModuleClock) refers to system_nuc100series.o(.data) for SystemCoreClock
    timer.o(i.TIMER_Open) refers to timer.o(i.TIMER_GetModuleClock) for TIMER_GetModuleClock
    timer.o(i.TIMER_Open) refers to uidiv.o(.text) for __aeabi_uidivmod
    uart.o(i.CLK_GetPLLClockFreq) refers to uidiv.o(.text) for __aeabi_uidivmod
    uart.o(i.UART_DisableInt) refers to uart.o(i.NVIC_DisableIRQ) for NVIC_DisableIRQ
    uart.o(i.UART_EnableInt) refers to uart.o(i.NVIC_EnableIRQ) for NVIC_EnableIRQ
    uart.o(i.UART_Open) refers to uart.o(i.CLK_GetPLLClockFreq) for CLK_GetPLLClockFreq
    uart.o(i.UART_Open) refers to uidiv.o(.text) for __aeabi_uidivmod
    uart.o(i.UART_Open) refers to uart.o(.constdata) for .constdata
    uart.o(i.UART_SelectIrDAMode) refers to uart.o(i.CLK_GetPLLClockFreq) for CLK_GetPLLClockFreq
    uart.o(i.UART_SelectIrDAMode) refers to uidiv.o(.text) for __aeabi_uidivmod
    uart.o(i.UART_SelectIrDAMode) refers to uart.o(.constdata) for .constdata
    uart.o(i.UART_SetLine_Config) refers to uart.o(i.CLK_GetPLLClockFreq) for CLK_GetPLLClockFreq
    uart.o(i.UART_SetLine_Config) refers to uidiv.o(.text) for __aeabi_uidivmod
    uart.o(i.UART_SetLine_Config) refers to uart.o(.constdata) for .constdata
    nuc130lc1cn.o(i.TMR0_IRQHandler) refers to nuc130lc1cn.o(i.isflag) for isflag
    nuc130lc1cn.o(i.TMR0_IRQHandler) refers to nuc130lc1cn.o(i.clrflag) for clrflag
    nuc130lc1cn.o(i.TMR0_IRQHandler) refers to nuc130lc1cn.o(i.setflag) for setflag
    nuc130lc1cn.o(i.TMR0_IRQHandler) refers to nuc130lc1cn.o(i.adc_read) for adc_read
    nuc130lc1cn.o(i.TMR0_IRQHandler) refers to nuc130lc1cn.o(i.run_keyboard_adc_return) for run_keyboard_adc_return
    nuc130lc1cn.o(i.TMR0_IRQHandler) refers to nuc130lc1cn.o(.data) for timer0tick
    nuc130lc1cn.o(i.TMR0_IRQHandler) refers to nuc130lc1cn.o(.bss) for time
    nuc130lc1cn.o(i.TMR1_IRQHandler) refers to nuc130lc1cn.o(i.isflag) for isflag
    nuc130lc1cn.o(i.TMR1_IRQHandler) refers to nuc130lc1cn.o(i.clrflag) for clrflag
    nuc130lc1cn.o(i.TMR1_IRQHandler) refers to nuc130lc1cn.o(i.setflag) for setflag
    nuc130lc1cn.o(i.TMR1_IRQHandler) refers to nuc130lc1cn.o(.data) for timer1tick
    nuc130lc1cn.o(i.TMR1_IRQHandler) refers to nuc130lc1cn.o(.bss) for run
    nuc130lc1cn.o(i.UART02_IRQHandler) refers to nuc130lc1cn.o(.bss) for usb
    nuc130lc1cn.o(i.UART1_IRQHandler) refers to nuc130lc1cn.o(.bss) for rf
    nuc130lc1cn.o(i.adc_read) refers to uidiv.o(.text) for __aeabi_uidivmod
    nuc130lc1cn.o(i.auto_off) refers to nuc130lc1cn.o(i.setflag) for setflag
    nuc130lc1cn.o(i.auto_off) refers to nuc130lc1cn.o(.bss) for time
    nuc130lc1cn.o(i.check_pop) refers to nuc130lc1cn.o(.bss) for rf
    nuc130lc1cn.o(i.check_poprf) refers to nuc130lc1cn.o(.bss) for rf
    nuc130lc1cn.o(i.check_popusb) refers to nuc130lc1cn.o(.bss) for usb
    nuc130lc1cn.o(i.clrflag) refers to nuc130lc1cn.o(.data) for runflag
    nuc130lc1cn.o(i.isflag) refers to nuc130lc1cn.o(.data) for runflag
    nuc130lc1cn.o(i.main) refers to nuc130lc1cn.o(i.setup) for setup
    nuc130lc1cn.o(i.main) refers to uart.o(i.UART_Open) for UART_Open
    nuc130lc1cn.o(i.main) refers to nuc130lc1cn.o(i.ring_ini_rf) for ring_ini_rf
    nuc130lc1cn.o(i.main) refers to nuc130lc1cn.o(i.ring_ini_usb) for ring_ini_usb
    nuc130lc1cn.o(i.main) refers to nuc130lc1cn.o(i.time1_delay) for time1_delay
    nuc130lc1cn.o(i.main) refers to strcpy.o(.text) for strcpy
    nuc130lc1cn.o(i.main) refers to nuc130lc1cn.o(i.Module_LCD_string) for Module_LCD_string
    nuc130lc1cn.o(i.main) refers to nuc130lc1cn.o(i.auto_off) for auto_off
    nuc130lc1cn.o(i.main) refers to nuc130lc1cn.o(i.run_keyboard_define) for run_keyboard_define
    nuc130lc1cn.o(i.main) refers to nuc130lc1cn.o(i.usb2rf) for usb2rf
    nuc130lc1cn.o(i.main) refers to nuc130lc1cn.o(i.run_game_mode) for run_game_mode
    nuc130lc1cn.o(i.main) refers to nuc130lc1cn.o(i.isflag) for isflag
    nuc130lc1cn.o(i.main) refers to nuc130lc1cn.o(i.adc_read) for adc_read
    nuc130lc1cn.o(i.main) refers to nuc130lc1cn.o(i.time0_delay) for time0_delay
    nuc130lc1cn.o(i.main) refers to nuc130lc1cn.o(i.clrflag) for clrflag
    nuc130lc1cn.o(i.main) refers to nuc130lc1cn.o(.bss) for mast
    nuc130lc1cn.o(i.rf2usb) refers to nuc130lc1cn.o(i.check_poprf) for check_poprf
    nuc130lc1cn.o(i.rf2usb) refers to nuc130lc1cn.o(i.auto_off) for auto_off
    nuc130lc1cn.o(i.rf2usb) refers to nuc130lc1cn.o(.bss) for rf
    nuc130lc1cn.o(i.rf_3355_mast_read) refers to nuc130lc1cn.o(i.check_pop) for check_pop
    nuc130lc1cn.o(i.rf_3355_mast_read) refers to nuc130lc1cn.o(i.setflag) for setflag
    nuc130lc1cn.o(i.rf_3355_mast_read) refers to nuc130lc1cn.o(i.run_student_receive_checksum) for run_student_receive_checksum
    nuc130lc1cn.o(i.rf_3355_mast_read) refers to nuc130lc1cn.o(i.clrflag) for clrflag
    nuc130lc1cn.o(i.rf_3355_mast_read) refers to nuc130lc1cn.o(.bss) for mast
    nuc130lc1cn.o(i.ring_ini_rf) refers to nuc130lc1cn.o(.bss) for rf
    nuc130lc1cn.o(i.ring_ini_usb) refers to nuc130lc1cn.o(.bss) for usb
    nuc130lc1cn.o(i.run_function) refers to nuc130lc1cn.o(i.SYS_UnlockReg) for SYS_UnlockReg
    nuc130lc1cn.o(i.run_function) refers to sys.o(i.SYS_ResetCPU) for SYS_ResetCPU
    nuc130lc1cn.o(i.run_function) refers to nuc130lc1cn.o(i.run_student_send) for run_student_send
    nuc130lc1cn.o(i.run_function) refers to nuc130lc1cn.o(i.time0_delay) for time0_delay
    nuc130lc1cn.o(i.run_function) refers to nuc130lc1cn.o(i.setflag) for setflag
    nuc130lc1cn.o(i.run_function) refers to nuc130lc1cn.o(i.rf_3355_mast_read) for rf_3355_mast_read
    nuc130lc1cn.o(i.run_function) refers to nuc130lc1cn.o(i.isflag) for isflag
    nuc130lc1cn.o(i.run_function) refers to nuc130lc1cn.o(i.clrflag) for clrflag
    nuc130lc1cn.o(i.run_function) refers to idiv.o(.text) for __aeabi_idivmod
    nuc130lc1cn.o(i.run_function) refers to nuc130lc1cn.o(i.Module_LCD_string) for Module_LCD_string
    nuc130lc1cn.o(i.run_function) refers to strcpy.o(.text) for strcpy
    nuc130lc1cn.o(i.run_function) refers to nuc130lc1cn.o(i.adc_read) for adc_read
    nuc130lc1cn.o(i.run_function) refers to nuc130lc1cn.o(i.run_keyboard_define) for run_keyboard_define
    nuc130lc1cn.o(i.run_function) refers to nuc130lc1cn.o(.bss) for run
    nuc130lc1cn.o(i.run_function) refers to nuc130lc1cn.o(.data) for ucpass
    nuc130lc1cn.o(i.run_game_mode) refers to nuc130lc1cn.o(i.isflag) for isflag
    nuc130lc1cn.o(i.run_game_mode) refers to nuc130lc1cn.o(i.auto_off) for auto_off
    nuc130lc1cn.o(i.run_game_mode) refers to nuc130lc1cn.o(i.Module_LCD_string) for Module_LCD_string
    nuc130lc1cn.o(i.run_game_mode) refers to nuc130lc1cn.o(i.run_function) for run_function
    nuc130lc1cn.o(i.run_game_mode) refers to nuc130lc1cn.o(i.time0_delay) for time0_delay
    nuc130lc1cn.o(i.run_game_mode) refers to nuc130lc1cn.o(i.clrflag) for clrflag
    nuc130lc1cn.o(i.run_game_mode) refers to strcpy.o(.text) for strcpy
    nuc130lc1cn.o(i.run_game_mode) refers to nuc130lc1cn.o(i.setflag) for setflag
    nuc130lc1cn.o(i.run_game_mode) refers to idiv.o(.text) for __aeabi_idivmod
    nuc130lc1cn.o(i.run_game_mode) refers to nuc130lc1cn.o(i.run_processor_keyin_ret_ascii_chosung) for run_processor_keyin_ret_ascii_chosung
    nuc130lc1cn.o(i.run_game_mode) refers to nuc130lc1cn.o(i.run_processor_chosung_to_number) for run_processor_chosung_to_number
    nuc130lc1cn.o(i.run_game_mode) refers to nuc130lc1cn.o(i.Module_LCD_onebyte) for Module_LCD_onebyte
    nuc130lc1cn.o(i.run_game_mode) refers to nuc130lc1cn.o(i.adc_read) for adc_read
    nuc130lc1cn.o(i.run_game_mode) refers to nuc130lc1cn.o(i.run_keyboard_define) for run_keyboard_define
    nuc130lc1cn.o(i.run_game_mode) refers to nuc130lc1cn.o(.bss) for run
    nuc130lc1cn.o(i.run_game_mode) refers to nuc130lc1cn.o(.data) for ucpass
    nuc130lc1cn.o(i.run_game_mode) refers to uidiv.o(.text) for __aeabi_uidivmod
    nuc130lc1cn.o(i.run_keyboard_adc_return) refers to nuc130lc1cn.o(.bss) for run
    nuc130lc1cn.o(i.run_keyboard_define) refers to ffltui.o(.text) for __aeabi_ui2f
    nuc130lc1cn.o(i.run_keyboard_define) refers to f2d.o(.text) for __aeabi_f2d
    nuc130lc1cn.o(i.run_keyboard_define) refers to dmul.o(.text) for __aeabi_dmul
    nuc130lc1cn.o(i.run_keyboard_define) refers to dfixui.o(.text) for __aeabi_d2uiz
    nuc130lc1cn.o(i.run_keyboard_define) refers to nuc130lc1cn.o(.bss) for run
    nuc130lc1cn.o(i.run_processor_keyin_ret_ascii_chosung) refers to nuc130lc1cn.o(i.isflag) for isflag
    nuc130lc1cn.o(i.run_processor_keyin_ret_ascii_chosung) refers to nuc130lc1cn.o(i.auto_off) for auto_off
    nuc130lc1cn.o(i.run_processor_keyin_ret_ascii_chosung) refers to nuc130lc1cn.o(i.time0_delay) for time0_delay
    nuc130lc1cn.o(i.run_processor_keyin_ret_ascii_chosung) refers to nuc130lc1cn.o(i.clrflag) for clrflag
    nuc130lc1cn.o(i.run_processor_keyin_ret_ascii_chosung) refers to nuc130lc1cn.o(i.__ARM_common_switch8) for __ARM_common_switch8
    nuc130lc1cn.o(i.run_processor_keyin_ret_ascii_chosung) refers to nuc130lc1cn.o(.bss) for run
    nuc130lc1cn.o(i.run_processor_keyin_ret_ascii_chosung) refers to nuc130lc1cn.o(.data) for timer0tick
    nuc130lc1cn.o(i.run_student_receive_checksum) refers to nuc130lc1cn.o(.bss) for mast
    nuc130lc1cn.o(i.run_student_send) refers to nuc130lc1cn.o(.bss) for run
    nuc130lc1cn.o(i.setflag) refers to nuc130lc1cn.o(.data) for runflag
    nuc130lc1cn.o(i.setup) refers to nuc130lc1cn.o(i.SYS_UnlockReg) for SYS_UnlockReg
    nuc130lc1cn.o(i.setup) refers to clk.o(i.CLK_EnableXtalRC) for CLK_EnableXtalRC
    nuc130lc1cn.o(i.setup) refers to clk.o(i.CLK_WaitClockReady) for CLK_WaitClockReady
    nuc130lc1cn.o(i.setup) refers to clk.o(i.CLK_SetHCLK) for CLK_SetHCLK
    nuc130lc1cn.o(i.setup) refers to clk.o(i.CLK_EnableModuleClock) for CLK_EnableModuleClock
    nuc130lc1cn.o(i.setup) refers to clk.o(i.CLK_SetModuleClock) for CLK_SetModuleClock
    nuc130lc1cn.o(i.setup) refers to system_nuc100series.o(i.SystemCoreClockUpdate) for SystemCoreClockUpdate
    nuc130lc1cn.o(i.setup) refers to gpio.o(i.GPIO_SetMode) for GPIO_SetMode
    nuc130lc1cn.o(i.setup) refers to timer.o(i.TIMER_Open) for TIMER_Open
    nuc130lc1cn.o(i.setup) refers to nuc130lc1cn.o(i.TIMER_EnableInt) for TIMER_EnableInt
    nuc130lc1cn.o(i.setup) refers to nuc130lc1cn.o(i.NVIC_EnableIRQ) for NVIC_EnableIRQ
    nuc130lc1cn.o(i.setup) refers to nuc130lc1cn.o(i.TIMER_Start) for TIMER_Start
    nuc130lc1cn.o(i.setup) refers to uart.o(i.UART_EnableInt) for UART_EnableInt
    nuc130lc1cn.o(i.setup) refers to adc.o(i.ADC_Open) for ADC_Open
    nuc130lc1cn.o(i.time0_delay) refers to nuc130lc1cn.o(.data) for timer0tick
    nuc130lc1cn.o(i.time1_delay) refers to nuc130lc1cn.o(.data) for timer1tick
    nuc130lc1cn.o(i.usb2rf) refers to nuc130lc1cn.o(i.check_popusb) for check_popusb
    nuc130lc1cn.o(i.usb2rf) refers to nuc130lc1cn.o(i.auto_off) for auto_off
    nuc130lc1cn.o(i.usb2rf) refers to nuc130lc1cn.o(.bss) for usb
    entry.o(.ARM.Collect$$$$00000000) refers (Special) to entry10a.o(.ARM.Collect$$$$0000000F) for __rt_final_cpp
    entry.o(.ARM.Collect$$$$00000000) refers (Special) to entry11a.o(.ARM.Collect$$$$00000011) for __rt_final_exit
    entry.o(.ARM.Collect$$$$00000000) refers (Special) to entry12b.o(.ARM.Collect$$$$0000000E) for __rt_lib_shutdown_fini
    entry.o(.ARM.Collect$$$$00000000) refers (Special) to entry7b.o(.ARM.Collect$$$$00000008) for _main_clock
    entry.o(.ARM.Collect$$$$00000000) refers (Special) to entry8b.o(.ARM.Collect$$$$0000000A) for _main_cpp_init
    entry.o(.ARM.Collect$$$$00000000) refers (Special) to entry9a.o(.ARM.Collect$$$$0000000B) for _main_init
    entry.o(.ARM.Collect$$$$00000000) refers (Special) to entry5.o(.ARM.Collect$$$$00000004) for _main_scatterload
    entry.o(.ARM.Collect$$$$00000000) refers (Special) to entry2.o(.ARM.Collect$$$$00000001) for _main_stk
    idiv.o(.text) refers to uidiv.o(.text) for __aeabi_uidivmod
    dmul.o(.text) refers (Special) to iusefp.o(.text) for __I$use$fp
    dmul.o(.text) refers to depilogue.o(.text) for _double_epilogue
    ffltui.o(.text) refers (Special) to iusefp.o(.text) for __I$use$fp
    ffltui.o(.text) refers to fepilogue.o(.text) for _float_epilogue
    dfixui.o(.text) refers (Special) to iusefp.o(.text) for __I$use$fp
    dfixui.o(.text) refers to llushr.o(.text) for __aeabi_llsr
    f2d.o(.text) refers (Special) to iusefp.o(.text) for __I$use$fp
    entry2.o(.ARM.Collect$$$$00000001) refers to entry2.o(.ARM.Collect$$$$00002712) for __lit__00000000
    entry2.o(.ARM.Collect$$$$00002712) refers to startup_nuc1xx.o(STACK) for __initial_sp
    entry2.o(__vectab_stack_and_reset_area) refers to startup_nuc1xx.o(STACK) for __initial_sp
    entry2.o(__vectab_stack_and_reset_area) refers to entry.o(.ARM.Collect$$$$00000000) for __main
    entry5.o(.ARM.Collect$$$$00000004) refers to init.o(.text) for __scatterload
    entry9a.o(.ARM.Collect$$$$0000000B) refers to nuc130lc1cn.o(i.main) for main
    entry9b.o(.ARM.Collect$$$$0000000C) refers to nuc130lc1cn.o(i.main) for main
    depilogue.o(.text) refers to depilogue.o(i.__ARM_clz) for __ARM_clz
    depilogue.o(.text) refers to llshl.o(.text) for __aeabi_llsl
    depilogue.o(.text) refers to llushr.o(.text) for __aeabi_llsr
    init.o(.text) refers to entry5.o(.ARM.Collect$$$$00000004) for __main_after_scatterload


==============================================================================

Removing Unused input sections from the image.

    Removing startup_nuc1xx.o(HEAP), (0 bytes).
    Removing system_nuc100series.o(.rev16_text), (4 bytes).
    Removing system_nuc100series.o(.revsh_text), (4 bytes).
    Removing clk.o(.rev16_text), (4 bytes).
    Removing clk.o(.revsh_text), (4 bytes).
    Removing clk.o(i.CLK_DisableCKO), (16 bytes).
    Removing clk.o(i.CLK_DisableModuleClock), (60 bytes).
    Removing clk.o(i.CLK_DisablePLL), (20 bytes).
    Removing clk.o(i.CLK_DisableSysTick), (12 bytes).
    Removing clk.o(i.CLK_DisableXtalRC), (16 bytes).
    Removing clk.o(i.CLK_EnableCKO), (44 bytes).
    Removing clk.o(i.CLK_EnablePLL), (388 bytes).
    Removing clk.o(i.CLK_EnableSysTick), (72 bytes).
    Removing clk.o(i.CLK_GetCPUFreq), (16 bytes).
    Removing clk.o(i.CLK_GetHCLKFreq), (16 bytes).
    Removing clk.o(i.CLK_GetHXTFreq), (28 bytes).
    Removing clk.o(i.CLK_GetLXTFreq), (24 bytes).
    Removing clk.o(i.CLK_GetPCLKFreq), (16 bytes).
    Removing clk.o(i.CLK_GetPLLClockFreq), (128 bytes).
    Removing clk.o(i.CLK_Idle), (36 bytes).
    Removing clk.o(i.CLK_PowerDown), (40 bytes).
    Removing clk.o(i.CLK_SetCoreClock), (168 bytes).
    Removing clk.o(i.CLK_SetSysTickClockSrc), (20 bytes).
    Removing gpio.o(.rev16_text), (4 bytes).
    Removing gpio.o(.revsh_text), (4 bytes).
    Removing gpio.o(i.GPIO_DisableInt), (28 bytes).
    Removing gpio.o(i.GPIO_EnableInt), (26 bytes).
    Removing sys.o(.rev16_text), (4 bytes).
    Removing sys.o(.revsh_text), (4 bytes).
    Removing sys.o(i.SYS_ClearResetSrc), (16 bytes).
    Removing sys.o(i.SYS_DisableBOD), (18 bytes).
    Removing sys.o(i.SYS_EnableBOD), (50 bytes).
    Removing sys.o(i.SYS_GetBODStatus), (14 bytes).
    Removing sys.o(i.SYS_GetResetSrc), (8 bytes).
    Removing sys.o(i.SYS_IsRegLocked), (20 bytes).
    Removing sys.o(i.SYS_ReadPDID), (8 bytes).
    Removing sys.o(i.SYS_ResetChip), (18 bytes).
    Removing sys.o(i.SYS_ResetModule), (48 bytes).
    Removing timer.o(.rev16_text), (4 bytes).
    Removing timer.o(.revsh_text), (4 bytes).
    Removing timer.o(i.TIMER_Close), (8 bytes).
    Removing timer.o(i.TIMER_Delay), (208 bytes).
    Removing timer.o(i.TIMER_DisableCapture), (10 bytes).
    Removing timer.o(i.TIMER_DisableEventCounter), (12 bytes).
    Removing timer.o(i.TIMER_EnableCapture), (20 bytes).
    Removing timer.o(i.TIMER_EnableEventCounter), (22 bytes).
    Removing uart.o(.rev16_text), (4 bytes).
    Removing uart.o(.revsh_text), (4 bytes).
    Removing uart.o(i.NVIC_DisableIRQ), (20 bytes).
    Removing uart.o(i.UART_ClearIntFlag), (80 bytes).
    Removing uart.o(i.UART_Close), (6 bytes).
    Removing uart.o(i.UART_DisableFlowCtrl), (12 bytes).
    Removing uart.o(i.UART_DisableInt), (56 bytes).
    Removing uart.o(i.UART_EnableFlowCtrl), (30 bytes).
    Removing uart.o(i.UART_Read), (54 bytes).
    Removing uart.o(i.UART_SelectIrDAMode), (164 bytes).
    Removing uart.o(i.UART_SelectLINMode), (26 bytes).
    Removing uart.o(i.UART_SelectRS485Mode), (32 bytes).
    Removing uart.o(i.UART_SetLine_Config), (184 bytes).
    Removing uart.o(i.UART_SetTimeoutCnt), (22 bytes).
    Removing uart.o(i.UART_Write), (54 bytes).
    Removing adc.o(.rev16_text), (4 bytes).
    Removing adc.o(.revsh_text), (4 bytes).
    Removing adc.o(i.ADC_Close), (10 bytes).
    Removing adc.o(i.ADC_DisableHWTrigger), (12 bytes).
    Removing adc.o(i.ADC_DisableInt), (50 bytes).
    Removing adc.o(i.ADC_EnableHWTrigger), (30 bytes).
    Removing adc.o(i.ADC_EnableInt), (50 bytes).
    Removing nuc130lc1cn.o(.rev16_text), (4 bytes).
    Removing nuc130lc1cn.o(.revsh_text), (4 bytes).
    Removing nuc130lc1cn.o(i.check_poprf), (60 bytes).
    Removing nuc130lc1cn.o(i.rf2usb), (36 bytes).

72 unused section(s) (total 2706 bytes) removed from the image.

==============================================================================

Image Symbol Table

    Local Symbols

    Symbol Name                              Value     Ov Type        Size  Object(Section)

    RESET                                    0x00000000   Section      192  startup_nuc1xx.o(RESET)
    ../clib/microlib/division.c              0x00000000   Number         0  uidiv.o ABSOLUTE
    ../clib/microlib/division.c              0x00000000   Number         0  idiv.o ABSOLUTE
    ../clib/microlib/init/entry.s            0x00000000   Number         0  entry11b.o ABSOLUTE
    ../clib/microlib/init/entry.s            0x00000000   Number         0  entry12b.o ABSOLUTE
    ../clib/microlib/init/entry.s            0x00000000   Number         0  entry11a.o ABSOLUTE
    ../clib/microlib/init/entry.s            0x00000000   Number         0  entry2.o ABSOLUTE
    ../clib/microlib/init/entry.s            0x00000000   Number         0  entry5.o ABSOLUTE
    ../clib/microlib/init/entry.s            0x00000000   Number         0  entry9b.o ABSOLUTE
    ../clib/microlib/init/entry.s            0x00000000   Number         0  entry12a.o ABSOLUTE
    ../clib/microlib/init/entry.s            0x00000000   Number         0  entry10b.o ABSOLUTE
    ../clib/microlib/init/entry.s            0x00000000   Number         0  entry10a.o ABSOLUTE
    ../clib/microlib/init/entry.s            0x00000000   Number         0  entry.o ABSOLUTE
    ../clib/microlib/init/entry.s            0x00000000   Number         0  entry7b.o ABSOLUTE
    ../clib/microlib/init/entry.s            0x00000000   Number         0  entry8a.o ABSOLUTE
    ../clib/microlib/init/entry.s            0x00000000   Number         0  entry8b.o ABSOLUTE
    ../clib/microlib/init/entry.s            0x00000000   Number         0  entry7a.o ABSOLUTE
    ../clib/microlib/init/entry.s            0x00000000   Number         0  entry9a.o ABSOLUTE
    ../clib/microlib/longlong.c              0x00000000   Number         0  llshl.o ABSOLUTE
    ../clib/microlib/longlong.c              0x00000000   Number         0  llushr.o ABSOLUTE
    ../clib/microlib/string/memcpy.c         0x00000000   Number         0  memcpya.o ABSOLUTE
    ../clib/microlib/string/memcpy.c         0x00000000   Number         0  memcpyb.o ABSOLUTE
    ../clib/microlib/string/strcpy.c         0x00000000   Number         0  strcpy.o ABSOLUTE
    ../clib/microlib/stubs.s                 0x00000000   Number         0  iusefp.o ABSOLUTE
    ../fplib/microlib/f2d.c                  0x00000000   Number         0  f2d.o ABSOLUTE
    ../fplib/microlib/fpepilogue.c           0x00000000   Number         0  fepilogue.o ABSOLUTE
    ../fplib/microlib/fpepilogue.c           0x00000000   Number         0  depilogue.o ABSOLUTE
    ../fplib/microlib/fpfix.c                0x00000000   Number         0  dfixui.o ABSOLUTE
    ../fplib/microlib/fpflt.c                0x00000000   Number         0  ffltui.o ABSOLUTE
    ../fplib/microlib/fpmul.c                0x00000000   Number         0  dmul.o ABSOLUTE
    ..\NUC130_CMSIS308_LIBRARY\adc.c         0x00000000   Number         0  adc.o ABSOLUTE
    ..\NUC130_CMSIS308_LIBRARY\clk.c         0x00000000   Number         0  clk.o ABSOLUTE
    ..\NUC130_CMSIS308_LIBRARY\gpio.c        0x00000000   Number         0  gpio.o ABSOLUTE
    ..\NUC130_CMSIS308_LIBRARY\startup_NUC1xx.s 0x00000000   Number         0  startup_nuc1xx.o ABSOLUTE
    ..\NUC130_CMSIS308_LIBRARY\sys.c         0x00000000   Number         0  sys.o ABSOLUTE
    ..\NUC130_CMSIS308_LIBRARY\system_NUC100Series.c 0x00000000   Number         0  system_nuc100series.o ABSOLUTE
    ..\NUC130_CMSIS308_LIBRARY\timer.c       0x00000000   Number         0  timer.o ABSOLUTE
    ..\NUC130_CMSIS308_LIBRARY\uart.c        0x00000000   Number         0  uart.o ABSOLUTE
    ..\\NUC130_CMSIS308_LIBRARY\\adc.c       0x00000000   Number         0  adc.o ABSOLUTE
    ..\\NUC130_CMSIS308_LIBRARY\\clk.c       0x00000000   Number         0  clk.o ABSOLUTE
    ..\\NUC130_CMSIS308_LIBRARY\\gpio.c      0x00000000   Number         0  gpio.o ABSOLUTE
    ..\\NUC130_CMSIS308_LIBRARY\\sys.c       0x00000000   Number         0  sys.o ABSOLUTE
    ..\\NUC130_CMSIS308_LIBRARY\\system_NUC100Series.c 0x00000000   Number         0  system_nuc100series.o ABSOLUTE
    ..\\NUC130_CMSIS308_LIBRARY\\timer.c     0x00000000   Number         0  timer.o ABSOLUTE
    ..\\NUC130_CMSIS308_LIBRARY\\uart.c      0x00000000   Number         0  uart.o ABSOLUTE
    NUC130LC1CN.c                            0x00000000   Number         0  nuc130lc1cn.o ABSOLUTE
    NUC130LC1CN.c                            0x00000000   Number         0  nuc130lc1cn.o ABSOLUTE
    dc.s                                     0x00000000   Number         0  dc.o ABSOLUTE
    handlers.s                               0x00000000   Number         0  handlers.o ABSOLUTE
    init.s                                   0x00000000   Number         0  init.o ABSOLUTE
    .ARM.Collect$$$$00000000                 0x000000c0   Section        0  entry.o(.ARM.Collect$$$$00000000)
    .ARM.Collect$$$$00000001                 0x000000c0   Section        4  entry2.o(.ARM.Collect$$$$00000001)
    .ARM.Collect$$$$00000004                 0x000000c4   Section        4  entry5.o(.ARM.Collect$$$$00000004)
    .ARM.Collect$$$$00000008                 0x000000c8   Section        0  entry7b.o(.ARM.Collect$$$$00000008)
    .ARM.Collect$$$$0000000A                 0x000000c8   Section        0  entry8b.o(.ARM.Collect$$$$0000000A)
    .ARM.Collect$$$$0000000B                 0x000000c8   Section        8  entry9a.o(.ARM.Collect$$$$0000000B)
    .ARM.Collect$$$$0000000E                 0x000000d0   Section        4  entry12b.o(.ARM.Collect$$$$0000000E)
    .ARM.Collect$$$$0000000F                 0x000000d4   Section        0  entry10a.o(.ARM.Collect$$$$0000000F)
    .ARM.Collect$$$$00000011                 0x000000d4   Section        0  entry11a.o(.ARM.Collect$$$$00000011)
    .ARM.Collect$$$$00002712                 0x000000d4   Section        4  entry2.o(.ARM.Collect$$$$00002712)
    __lit__00000000                          0x000000d4   Data           4  entry2.o(.ARM.Collect$$$$00002712)
    .text                                    0x000000d8   Section       76  startup_nuc1xx.o(.text)
    Default_Handler                          0x00000103   Thumb Code     2  startup_nuc1xx.o(.text)
    .text                                    0x00000124   Section        0  uidiv.o(.text)
    .text                                    0x00000150   Section        0  idiv.o(.text)
    .text                                    0x00000178   Section        0  memcpya.o(.text)
    .text                                    0x0000019c   Section        0  strcpy.o(.text)
    .text                                    0x000001b0   Section        0  dmul.o(.text)
    .text                                    0x00000280   Section        0  ffltui.o(.text)
    .text                                    0x00000290   Section        0  dfixui.o(.text)
    .text                                    0x000002cc   Section        0  f2d.o(.text)
    .text                                    0x000002f4   Section        0  llushr.o(.text)
    .text                                    0x00000316   Section        0  iusefp.o(.text)
    .text                                    0x00000316   Section        0  fepilogue.o(.text)
    .text                                    0x00000398   Section        0  depilogue.o(.text)
    .text                                    0x00000458   Section       36  init.o(.text)
    .text                                    0x0000047c   Section        0  llshl.o(.text)
    i.ADC_Open                               0x0000049c   Section        0  adc.o(i.ADC_Open)
    i.CLK_EnableModuleClock                  0x000004bc   Section        0  clk.o(i.CLK_EnableModuleClock)
    i.CLK_EnableXtalRC                       0x000004f8   Section        0  clk.o(i.CLK_EnableXtalRC)
    i.CLK_GetPLLClockFreq                    0x00000508   Section        0  system_nuc100series.o(i.CLK_GetPLLClockFreq)
    CLK_GetPLLClockFreq                      0x00000509   Thumb Code   112  system_nuc100series.o(i.CLK_GetPLLClockFreq)
    i.CLK_GetPLLClockFreq                    0x00000588   Section        0  uart.o(i.CLK_GetPLLClockFreq)
    CLK_GetPLLClockFreq                      0x00000589   Thumb Code   112  uart.o(i.CLK_GetPLLClockFreq)
    i.CLK_SetHCLK                            0x00000608   Section        0  clk.o(i.CLK_SetHCLK)
    i.CLK_SetModuleClock                     0x00000674   Section        0  clk.o(i.CLK_SetModuleClock)
    i.CLK_WaitClockReady                     0x0000077c   Section        0  clk.o(i.CLK_WaitClockReady)
    i.GPIO_SetMode                           0x000007a4   Section        0  gpio.o(i.GPIO_SetMode)
    i.Module_LCD_onebyte                     0x000007d4   Section        0  nuc130lc1cn.o(i.Module_LCD_onebyte)
    i.Module_LCD_string                      0x000007ec   Section        0  nuc130lc1cn.o(i.Module_LCD_string)
    i.NVIC_EnableIRQ                         0x00000818   Section        0  uart.o(i.NVIC_EnableIRQ)
    NVIC_EnableIRQ                           0x00000819   Thumb Code    14  uart.o(i.NVIC_EnableIRQ)
    i.NVIC_EnableIRQ                         0x0000082c   Section        0  nuc130lc1cn.o(i.NVIC_EnableIRQ)
    NVIC_EnableIRQ                           0x0000082d   Thumb Code    14  nuc130lc1cn.o(i.NVIC_EnableIRQ)
    i.SYS_ResetCPU                           0x00000840   Section        0  sys.o(i.SYS_ResetCPU)
    i.SYS_UnlockReg                          0x00000854   Section        0  nuc130lc1cn.o(i.SYS_UnlockReg)
    SYS_UnlockReg                            0x00000855   Thumb Code    26  nuc130lc1cn.o(i.SYS_UnlockReg)
    i.SystemCoreClockUpdate                  0x00000874   Section        0  system_nuc100series.o(i.SystemCoreClockUpdate)
    i.SystemInit                             0x000008d8   Section        0  system_nuc100series.o(i.SystemInit)
    i.TIMER_EnableInt                        0x000008da   Section        0  nuc130lc1cn.o(i.TIMER_EnableInt)
    TIMER_EnableInt                          0x000008db   Thumb Code    12  nuc130lc1cn.o(i.TIMER_EnableInt)
    i.TIMER_GetModuleClock                   0x000008e8   Section        0  timer.o(i.TIMER_GetModuleClock)
    i.TIMER_Open                             0x0000096c   Section        0  timer.o(i.TIMER_Open)
    i.TIMER_Start                            0x000009be   Section        0  nuc130lc1cn.o(i.TIMER_Start)
    TIMER_Start                              0x000009bf   Thumb Code    12  nuc130lc1cn.o(i.TIMER_Start)
    i.TMR0_IRQHandler                        0x000009cc   Section        0  nuc130lc1cn.o(i.TMR0_IRQHandler)
    i.TMR1_IRQHandler                        0x00000aec   Section        0  nuc130lc1cn.o(i.TMR1_IRQHandler)
    i.UART02_IRQHandler                      0x00000b50   Section        0  nuc130lc1cn.o(i.UART02_IRQHandler)
    i.UART1_IRQHandler                       0x00000b9c   Section        0  nuc130lc1cn.o(i.UART1_IRQHandler)
    i.UART_EnableInt                         0x00000be8   Section        0  uart.o(i.UART_EnableInt)
    i.UART_Open                              0x00000c20   Section        0  uart.o(i.UART_Open)
    i.__ARM_clz                              0x00000cd8   Section        0  depilogue.o(i.__ARM_clz)
    i.__ARM_common_switch8                   0x00000d06   Section        0  nuc130lc1cn.o(i.__ARM_common_switch8)
    i.__scatterload_copy                     0x00000d22   Section       14  handlers.o(i.__scatterload_copy)
    i.__scatterload_null                     0x00000d30   Section        2  handlers.o(i.__scatterload_null)
    i.__scatterload_zeroinit                 0x00000d32   Section       14  handlers.o(i.__scatterload_zeroinit)
    i.adc_read                               0x00000d40   Section        0  nuc130lc1cn.o(i.adc_read)
    i.auto_off                               0x00000da0   Section        0  nuc130lc1cn.o(i.auto_off)
    i.check_pop                              0x00000e14   Section        0  nuc130lc1cn.o(i.check_pop)
    i.check_popusb                           0x00000e54   Section        0  nuc130lc1cn.o(i.check_popusb)
    i.clrflag                                0x00000e90   Section        0  nuc130lc1cn.o(i.clrflag)
    i.isflag                                 0x00000ea0   Section        0  nuc130lc1cn.o(i.isflag)
    i.main                                   0x00000eb0   Section        0  nuc130lc1cn.o(i.main)
    i.rf_3355_mast_read                      0x00000ffc   Section        0  nuc130lc1cn.o(i.rf_3355_mast_read)
    i.ring_ini_rf                            0x00001100   Section        0  nuc130lc1cn.o(i.ring_ini_rf)
    i.ring_ini_usb                           0x00001110   Section        0  nuc130lc1cn.o(i.ring_ini_usb)
    i.run_function                           0x00001120   Section        0  nuc130lc1cn.o(i.run_function)
    i.run_game_mode                          0x0000144c   Section        0  nuc130lc1cn.o(i.run_game_mode)
    i.run_keyboard_adc_return                0x00001c54   Section        0  nuc130lc1cn.o(i.run_keyboard_adc_return)
    i.run_keyboard_define                    0x00001cf8   Section        0  nuc130lc1cn.o(i.run_keyboard_define)
    i.run_processor_chosung_to_number        0x00002050   Section        0  nuc130lc1cn.o(i.run_processor_chosung_to_number)
    i.run_processor_keyin_ret_ascii_chosung  0x00002108   Section        0  nuc130lc1cn.o(i.run_processor_keyin_ret_ascii_chosung)
    i.run_student_receive_checksum           0x00002270   Section        0  nuc130lc1cn.o(i.run_student_receive_checksum)
    i.run_student_send                       0x00002298   Section        0  nuc130lc1cn.o(i.run_student_send)
    i.setflag                                0x000022e4   Section        0  nuc130lc1cn.o(i.setflag)
    i.setup                                  0x000022f4   Section        0  nuc130lc1cn.o(i.setup)
    i.time0_delay                            0x00002490   Section        0  nuc130lc1cn.o(i.time0_delay)
    i.time1_delay                            0x000024a8   Section        0  nuc130lc1cn.o(i.time1_delay)
    i.usb2rf                                 0x000024c0   Section        0  nuc130lc1cn.o(i.usb2rf)
    .constdata                               0x000024e4   Section       56  clk.o(.constdata)
    .constdata                               0x0000251c   Section       32  timer.o(.constdata)
    .constdata                               0x0000253c   Section       48  uart.o(.constdata)
    .data                                    0x20000000   Section       44  system_nuc100series.o(.data)
    .data                                    0x2000002c   Section       28  nuc130lc1cn.o(.data)
    .bss                                     0x20000048   Section      436  nuc130lc1cn.o(.bss)
    STACK                                    0x20000200   Section     1024  startup_nuc1xx.o(STACK)

    Global Symbols

    Symbol Name                              Value     Ov Type        Size  Object(Section)

    BuildAttributes$$THM_ISAv3M$S$PE$A:L22$X:L11$S22$IEEE1$IW$USESV6$~STKCKD$USESV7$~SHL$OTIME$ROPI$EBA8$MICROLIB$REQ8$PRES8$EABIv2 0x00000000   Number         0  anon$$obj.o ABSOLUTE
    __ARM_use_no_argv                        0x00000000   Number         0  nuc130lc1cn.o ABSOLUTE
    __Vectors                                0x00000000   Data           4  startup_nuc1xx.o(RESET)
    __arm_fini_                               - Undefined Weak Reference
    __cpp_initialize__aeabi_                  - Undefined Weak Reference
    __cxa_finalize                            - Undefined Weak Reference
    __decompress                              - Undefined Weak Reference
    _clock_init                               - Undefined Weak Reference
    _microlib_exit                            - Undefined Weak Reference
    __main                                   0x000000c1   Thumb Code     0  entry.o(.ARM.Collect$$$$00000000)
    _main_stk                                0x000000c1   Thumb Code     0  entry2.o(.ARM.Collect$$$$00000001)
    _main_scatterload                        0x000000c5   Thumb Code     0  entry5.o(.ARM.Collect$$$$00000004)
    __main_after_scatterload                 0x000000c9   Thumb Code     0  entry5.o(.ARM.Collect$$$$00000004)
    _main_clock                              0x000000c9   Thumb Code     0  entry7b.o(.ARM.Collect$$$$00000008)
    _main_cpp_init                           0x000000c9   Thumb Code     0  entry8b.o(.ARM.Collect$$$$0000000A)
    _main_init                               0x000000c9   Thumb Code     0  entry9a.o(.ARM.Collect$$$$0000000B)
    __rt_lib_shutdown_fini                   0x000000d1   Thumb Code     0  entry12b.o(.ARM.Collect$$$$0000000E)
    __rt_final_cpp                           0x000000d5   Thumb Code     0  entry10a.o(.ARM.Collect$$$$0000000F)
    __rt_final_exit                          0x000000d5   Thumb Code     0  entry11a.o(.ARM.Collect$$$$00000011)
    Reset_Handler                            0x000000d9   Thumb Code    32  startup_nuc1xx.o(.text)
    NMI_Handler                              0x000000f9   Thumb Code     2  startup_nuc1xx.o(.text)
    HardFault_Handler                        0x000000fb   Thumb Code     2  startup_nuc1xx.o(.text)
    SVC_Handler                              0x000000fd   Thumb Code     2  startup_nuc1xx.o(.text)
    PendSV_Handler                           0x000000ff   Thumb Code     2  startup_nuc1xx.o(.text)
    SysTick_Handler                          0x00000101   Thumb Code     2  startup_nuc1xx.o(.text)
    ACMP_IRQHandler                          0x00000103   Thumb Code     0  startup_nuc1xx.o(.text)
    ADC_IRQHandler                           0x00000103   Thumb Code     0  startup_nuc1xx.o(.text)
    BOD_IRQHandler                           0x00000103   Thumb Code     0  startup_nuc1xx.o(.text)
    CAN0_IRQHandler                          0x00000103   Thumb Code     0  startup_nuc1xx.o(.text)
    EINT0_IRQHandler                         0x00000103   Thumb Code     0  startup_nuc1xx.o(.text)
    EINT1_IRQHandler                         0x00000103   Thumb Code     0  startup_nuc1xx.o(.text)
    GPAB_IRQHandler                          0x00000103   Thumb Code     0  startup_nuc1xx.o(.text)
    GPCDE_IRQHandler                         0x00000103   Thumb Code     0  startup_nuc1xx.o(.text)
    I2C0_IRQHandler                          0x00000103   Thumb Code     0  startup_nuc1xx.o(.text)
    I2C1_IRQHandler                          0x00000103   Thumb Code     0  startup_nuc1xx.o(.text)
    I2S_IRQHandler                           0x00000103   Thumb Code     0  startup_nuc1xx.o(.text)
    PDMA_IRQHandler                          0x00000103   Thumb Code     0  startup_nuc1xx.o(.text)
    PS2_IRQHandler                           0x00000103   Thumb Code     0  startup_nuc1xx.o(.text)
    PWMA_IRQHandler                          0x00000103   Thumb Code     0  startup_nuc1xx.o(.text)
    PWMB_IRQHandler                          0x00000103   Thumb Code     0  startup_nuc1xx.o(.text)
    PWRWU_IRQHandler                         0x00000103   Thumb Code     0  startup_nuc1xx.o(.text)
    RTC_IRQHandler                           0x00000103   Thumb Code     0  startup_nuc1xx.o(.text)
    SPI0_IRQHandler                          0x00000103   Thumb Code     0  startup_nuc1xx.o(.text)
    SPI1_IRQHandler                          0x00000103   Thumb Code     0  startup_nuc1xx.o(.text)
    SPI2_IRQHandler                          0x00000103   Thumb Code     0  startup_nuc1xx.o(.text)
    SPI3_IRQHandler                          0x00000103   Thumb Code     0  startup_nuc1xx.o(.text)
    TMR2_IRQHandler                          0x00000103   Thumb Code     0  startup_nuc1xx.o(.text)
    TMR3_IRQHandler                          0x00000103   Thumb Code     0  startup_nuc1xx.o(.text)
    USBD_IRQHandler                          0x00000103   Thumb Code     0  startup_nuc1xx.o(.text)
    WDT_IRQHandler                           0x00000103   Thumb Code     0  startup_nuc1xx.o(.text)
    __aeabi_uidiv                            0x00000125   Thumb Code     0  uidiv.o(.text)
    __aeabi_uidivmod                         0x00000125   Thumb Code    44  uidiv.o(.text)
    __aeabi_idiv                             0x00000151   Thumb Code     0  idiv.o(.text)
    __aeabi_idivmod                          0x00000151   Thumb Code    40  idiv.o(.text)
    __aeabi_memcpy                           0x00000179   Thumb Code    36  memcpya.o(.text)
    __aeabi_memcpy4                          0x00000179   Thumb Code     0  memcpya.o(.text)
    __aeabi_memcpy8                          0x00000179   Thumb Code     0  memcpya.o(.text)
    strcpy                                   0x0000019d   Thumb Code    18  strcpy.o(.text)
    __aeabi_dmul                             0x000001b1   Thumb Code   202  dmul.o(.text)
    __aeabi_ui2f                             0x00000281   Thumb Code    14  ffltui.o(.text)
    __aeabi_d2uiz                            0x00000291   Thumb Code    50  dfixui.o(.text)
    __aeabi_f2d                              0x000002cd   Thumb Code    40  f2d.o(.text)
    __aeabi_llsr                             0x000002f5   Thumb Code    34  llushr.o(.text)
    _ll_ushift_r                             0x000002f5   Thumb Code     0  llushr.o(.text)
    __I$use$fp                               0x00000317   Thumb Code     0  iusefp.o(.text)
    _float_round                             0x00000317   Thumb Code    16  fepilogue.o(.text)
    _float_epilogue                          0x00000327   Thumb Code   114  fepilogue.o(.text)
    _double_round                            0x00000399   Thumb Code    26  depilogue.o(.text)
    _double_epilogue                         0x000003b3   Thumb Code   164  depilogue.o(.text)
    __scatterload                            0x00000459   Thumb Code    28  init.o(.text)
    __scatterload_rt2                        0x00000459   Thumb Code     0  init.o(.text)
    __aeabi_llsl                             0x0000047d   Thumb Code    32  llshl.o(.text)
    _ll_shift_l                              0x0000047d   Thumb Code     0  llshl.o(.text)
    ADC_Open                                 0x0000049d   Thumb Code    26  adc.o(i.ADC_Open)
    CLK_EnableModuleClock                    0x000004bd   Thumb Code    52  clk.o(i.CLK_EnableModuleClock)
    CLK_EnableXtalRC                         0x000004f9   Thumb Code    12  clk.o(i.CLK_EnableXtalRC)
    CLK_SetHCLK                              0x00000609   Thumb Code   102  clk.o(i.CLK_SetHCLK)
    CLK_SetModuleClock                       0x00000675   Thumb Code   240  clk.o(i.CLK_SetModuleClock)
    CLK_WaitClockReady                       0x0000077d   Thumb Code    32  clk.o(i.CLK_WaitClockReady)
    GPIO_SetMode                             0x000007a5   Thumb Code    46  gpio.o(i.GPIO_SetMode)
    Module_LCD_onebyte                       0x000007d5   Thumb Code    20  nuc130lc1cn.o(i.Module_LCD_onebyte)
    Module_LCD_string                        0x000007ed   Thumb Code    40  nuc130lc1cn.o(i.Module_LCD_string)
    SYS_ResetCPU                             0x00000841   Thumb Code    18  sys.o(i.SYS_ResetCPU)
    SystemCoreClockUpdate                    0x00000875   Thumb Code    76  system_nuc100series.o(i.SystemCoreClockUpdate)
    SystemInit                               0x000008d9   Thumb Code     2  system_nuc100series.o(i.SystemInit)
    TIMER_GetModuleClock                     0x000008e9   Thumb Code   110  timer.o(i.TIMER_GetModuleClock)
    TIMER_Open                               0x0000096d   Thumb Code    82  timer.o(i.TIMER_Open)
    TMR0_IRQHandler                          0x000009cd   Thumb Code   268  nuc130lc1cn.o(i.TMR0_IRQHandler)
    TMR1_IRQHandler                          0x00000aed   Thumb Code    82  nuc130lc1cn.o(i.TMR1_IRQHandler)
    UART02_IRQHandler                        0x00000b51   Thumb Code    66  nuc130lc1cn.o(i.UART02_IRQHandler)
    UART1_IRQHandler                         0x00000b9d   Thumb Code    66  nuc130lc1cn.o(i.UART1_IRQHandler)
    UART_EnableInt                           0x00000be9   Thumb Code    48  uart.o(i.UART_EnableInt)
    UART_Open                                0x00000c21   Thumb Code   166  uart.o(i.UART_Open)
    __ARM_clz                                0x00000cd9   Thumb Code    46  depilogue.o(i.__ARM_clz)
    __ARM_common_switch8                     0x00000d07   Thumb Code    28  nuc130lc1cn.o(i.__ARM_common_switch8)
    __scatterload_copy                       0x00000d23   Thumb Code    14  handlers.o(i.__scatterload_copy)
    __scatterload_null                       0x00000d31   Thumb Code     2  handlers.o(i.__scatterload_null)
    __scatterload_zeroinit                   0x00000d33   Thumb Code    14  handlers.o(i.__scatterload_zeroinit)
    adc_read                                 0x00000d41   Thumb Code    90  nuc130lc1cn.o(i.adc_read)
    auto_off                                 0x00000da1   Thumb Code   108  nuc130lc1cn.o(i.auto_off)
    check_pop                                0x00000e15   Thumb Code    54  nuc130lc1cn.o(i.check_pop)
    check_popusb                             0x00000e55   Thumb Code    54  nuc130lc1cn.o(i.check_popusb)
    clrflag                                  0x00000e91   Thumb Code    12  nuc130lc1cn.o(i.clrflag)
    isflag                                   0x00000ea1   Thumb Code    10  nuc130lc1cn.o(i.isflag)
    main                                     0x00000eb1   Thumb Code   264  nuc130lc1cn.o(i.main)
    rf_3355_mast_read                        0x00000ffd   Thumb Code   256  nuc130lc1cn.o(i.rf_3355_mast_read)
    ring_ini_rf                              0x00001101   Thumb Code    10  nuc130lc1cn.o(i.ring_ini_rf)
    ring_ini_usb                             0x00001111   Thumb Code    10  nuc130lc1cn.o(i.ring_ini_usb)
    run_function                             0x00001121   Thumb Code   738  nuc130lc1cn.o(i.run_function)
    run_game_mode                            0x0000144d   Thumb Code  1926  nuc130lc1cn.o(i.run_game_mode)
    run_keyboard_adc_return                  0x00001c55   Thumb Code   160  nuc130lc1cn.o(i.run_keyboard_adc_return)
    run_keyboard_define                      0x00001cf9   Thumb Code   766  nuc130lc1cn.o(i.run_keyboard_define)
    run_processor_chosung_to_number          0x00002051   Thumb Code   184  nuc130lc1cn.o(i.run_processor_chosung_to_number)
    run_processor_keyin_ret_ascii_chosung    0x00002109   Thumb Code   352  nuc130lc1cn.o(i.run_processor_keyin_ret_ascii_chosung)
    run_student_receive_checksum             0x00002271   Thumb Code    36  nuc130lc1cn.o(i.run_student_receive_checksum)
    run_student_send                         0x00002299   Thumb Code    66  nuc130lc1cn.o(i.run_student_send)
    setflag                                  0x000022e5   Thumb Code    12  nuc130lc1cn.o(i.setflag)
    setup                                    0x000022f5   Thumb Code   368  nuc130lc1cn.o(i.setup)
    time0_delay                              0x00002491   Thumb Code    18  nuc130lc1cn.o(i.time0_delay)
    time1_delay                              0x000024a9   Thumb Code    18  nuc130lc1cn.o(i.time1_delay)
    usb2rf                                   0x000024c1   Thumb Code    28  nuc130lc1cn.o(i.usb2rf)
    Region$$Table$$Base                      0x0000256c   Number         0  anon$$obj.o(Region$$Table)
    Region$$Table$$Limit                     0x0000258c   Number         0  anon$$obj.o(Region$$Table)
    SystemCoreClock                          0x20000000   Data           4  system_nuc100series.o(.data)
    CyclesPerUs                              0x20000004   Data           4  system_nuc100series.o(.data)
    PllClock                                 0x20000008   Data           4  system_nuc100series.o(.data)
    gau32ClkSrcTbl                           0x2000000c   Data          32  system_nuc100series.o(.data)
    ulpass                                   0x2000002c   Data           4  nuc130lc1cn.o(.data)
    uspass                                   0x20000030   Data           2  nuc130lc1cn.o(.data)
    ucpass                                   0x20000032   Data           1  nuc130lc1cn.o(.data)
    cpass                                    0x20000033   Data           1  nuc130lc1cn.o(.data)
    runflag                                  0x20000034   Data           4  nuc130lc1cn.o(.data)
    timer0tick                               0x20000038   Data           4  nuc130lc1cn.o(.data)
    timer1tick                               0x2000003c   Data           4  nuc130lc1cn.o(.data)
    i                                        0x20000040   Data           4  nuc130lc1cn.o(.data)
    j                                        0x20000044   Data           4  nuc130lc1cn.o(.data)
    rf                                       0x20000048   Data         132  nuc130lc1cn.o(.bss)
    usb                                      0x200000cc   Data         132  nuc130lc1cn.o(.bss)
    time                                     0x20000150   Data          20  nuc130lc1cn.o(.bss)
    run                                      0x20000164   Data         112  nuc130lc1cn.o(.bss)
    mast                                     0x200001d4   Data          40  nuc130lc1cn.o(.bss)
    __initial_sp                             0x20000600   Data           0  startup_nuc1xx.o(STACK)



==============================================================================

Memory Map of the image

  Image Entry point : 0x000000d9

  Load Region LR_1 (Base: 0x00000000, Size: 0x000025d4, Max: 0xffffffff, ABSOLUTE)

    Execution Region ER_RO (Exec base: 0x00000000, Load base: 0x00000000, Size: 0x0000258c, Max: 0xffffffff, ABSOLUTE)

    Exec Addr    Load Addr    Size         Type   Attr      Idx    E Section Name        Object

    0x00000000   0x00000000   0x000000c0   Data   RO            3    RESET               startup_nuc1xx.o
    0x000000c0   0x000000c0   0x00000000   Code   RO          885  * .ARM.Collect$$$$00000000  mc_p.l(entry.o)
    0x000000c0   0x000000c0   0x00000004   Code   RO          906    .ARM.Collect$$$$00000001  mc_p.l(entry2.o)
    0x000000c4   0x000000c4   0x00000004   Code   RO          909    .ARM.Collect$$$$00000004  mc_p.l(entry5.o)
    0x000000c8   0x000000c8   0x00000000   Code   RO          911    .ARM.Collect$$$$00000008  mc_p.l(entry7b.o)
    0x000000c8   0x000000c8   0x00000000   Code   RO          913    .ARM.Collect$$$$0000000A  mc_p.l(entry8b.o)
    0x000000c8   0x000000c8   0x00000008   Code   RO          914    .ARM.Collect$$$$0000000B  mc_p.l(entry9a.o)
    0x000000d0   0x000000d0   0x00000004   Code   RO          921    .ARM.Collect$$$$0000000E  mc_p.l(entry12b.o)
    0x000000d4   0x000000d4   0x00000000   Code   RO          916    .ARM.Collect$$$$0000000F  mc_p.l(entry10a.o)
    0x000000d4   0x000000d4   0x00000000   Code   RO          918    .ARM.Collect$$$$00000011  mc_p.l(entry11a.o)
    0x000000d4   0x000000d4   0x00000004   Code   RO          907    .ARM.Collect$$$$00002712  mc_p.l(entry2.o)
    0x000000d8   0x000000d8   0x0000004c   Code   RO            4  * .text               startup_nuc1xx.o
    0x00000124   0x00000124   0x0000002c   Code   RO          888    .text               mc_p.l(uidiv.o)
    0x00000150   0x00000150   0x00000028   Code   RO          890    .text               mc_p.l(idiv.o)
    0x00000178   0x00000178   0x00000024   Code   RO          892    .text               mc_p.l(memcpya.o)
    0x0000019c   0x0000019c   0x00000012   Code   RO          894    .text               mc_p.l(strcpy.o)
    0x000001ae   0x000001ae   0x00000002   PAD
    0x000001b0   0x000001b0   0x000000d0   Code   RO          898    .text               mf_p.l(dmul.o)
    0x00000280   0x00000280   0x0000000e   Code   RO          900    .text               mf_p.l(ffltui.o)
    0x0000028e   0x0000028e   0x00000002   PAD
    0x00000290   0x00000290   0x0000003c   Code   RO          902    .text               mf_p.l(dfixui.o)
    0x000002cc   0x000002cc   0x00000028   Code   RO          904    .text               mf_p.l(f2d.o)
    0x000002f4   0x000002f4   0x00000022   Code   RO          922    .text               mc_p.l(llushr.o)
    0x00000316   0x00000316   0x00000000   Code   RO          924    .text               mc_p.l(iusefp.o)
    0x00000316   0x00000316   0x00000082   Code   RO          925    .text               mf_p.l(fepilogue.o)
    0x00000398   0x00000398   0x000000be   Code   RO          927    .text               mf_p.l(depilogue.o)
    0x00000456   0x00000456   0x00000002   PAD
    0x00000458   0x00000458   0x00000024   Code   RO          931    .text               mc_p.l(init.o)
    0x0000047c   0x0000047c   0x00000020   Code   RO          933    .text               mc_p.l(llshl.o)
    0x0000049c   0x0000049c   0x00000020   Code   RO          601    i.ADC_Open          adc.o
    0x000004bc   0x000004bc   0x0000003c   Code   RO          132    i.CLK_EnableModuleClock  clk.o
    0x000004f8   0x000004f8   0x00000010   Code   RO          135    i.CLK_EnableXtalRC  clk.o
    0x00000508   0x00000508   0x00000080   Code   RO           12    i.CLK_GetPLLClockFreq  system_nuc100series.o
    0x00000588   0x00000588   0x00000080   Code   RO          454    i.CLK_GetPLLClockFreq  uart.o
    0x00000608   0x00000608   0x0000006c   Code   RO          145    i.CLK_SetHCLK       clk.o
    0x00000674   0x00000674   0x00000108   Code   RO          146    i.CLK_SetModuleClock  clk.o
    0x0000077c   0x0000077c   0x00000028   Code   RO          148    i.CLK_WaitClockReady  clk.o
    0x000007a4   0x000007a4   0x0000002e   Code   RO          284    i.GPIO_SetMode      gpio.o
    0x000007d2   0x000007d2   0x00000002   PAD
    0x000007d4   0x000007d4   0x00000018   Code   RO          646    i.Module_LCD_onebyte  nuc130lc1cn.o
    0x000007ec   0x000007ec   0x0000002c   Code   RO          647    i.Module_LCD_string  nuc130lc1cn.o
    0x00000818   0x00000818   0x00000014   Code   RO          456    i.NVIC_EnableIRQ    uart.o
    0x0000082c   0x0000082c   0x00000014   Code   RO          648    i.NVIC_EnableIRQ    nuc130lc1cn.o
    0x00000840   0x00000840   0x00000012   Code   RO          324    i.SYS_ResetCPU      sys.o
    0x00000852   0x00000852   0x00000002   PAD
    0x00000854   0x00000854   0x00000020   Code   RO          649    i.SYS_UnlockReg     nuc130lc1cn.o
    0x00000874   0x00000874   0x00000064   Code   RO           13    i.SystemCoreClockUpdate  system_nuc100series.o
    0x000008d8   0x000008d8   0x00000002   Code   RO           14    i.SystemInit        system_nuc100series.o
    0x000008da   0x000008da   0x0000000c   Code   RO          650    i.TIMER_EnableInt   nuc130lc1cn.o
    0x000008e6   0x000008e6   0x00000002   PAD
    0x000008e8   0x000008e8   0x00000084   Code   RO          397    i.TIMER_GetModuleClock  timer.o
    0x0000096c   0x0000096c   0x00000052   Code   RO          398    i.TIMER_Open        timer.o
    0x000009be   0x000009be   0x0000000c   Code   RO          651    i.TIMER_Start       nuc130lc1cn.o
    0x000009ca   0x000009ca   0x00000002   PAD
    0x000009cc   0x000009cc   0x00000120   Code   RO          652    i.TMR0_IRQHandler   nuc130lc1cn.o
    0x00000aec   0x00000aec   0x00000064   Code   RO          653    i.TMR1_IRQHandler   nuc130lc1cn.o
    0x00000b50   0x00000b50   0x0000004c   Code   RO          654    i.UART02_IRQHandler  nuc130lc1cn.o
    0x00000b9c   0x00000b9c   0x0000004c   Code   RO          655    i.UART1_IRQHandler  nuc130lc1cn.o
    0x00000be8   0x00000be8   0x00000038   Code   RO          462    i.UART_EnableInt    uart.o
    0x00000c20   0x00000c20   0x000000b8   Code   RO          463    i.UART_Open         uart.o
    0x00000cd8   0x00000cd8   0x0000002e   Code   RO          929    i.__ARM_clz         mf_p.l(depilogue.o)
    0x00000d06   0x00000d06   0x0000001c   Code   RO          865    i.__ARM_common_switch8  nuc130lc1cn.o
    0x00000d22   0x00000d22   0x0000000e   Code   RO          937    i.__scatterload_copy  mc_p.l(handlers.o)
    0x00000d30   0x00000d30   0x00000002   Code   RO          938    i.__scatterload_null  mc_p.l(handlers.o)
    0x00000d32   0x00000d32   0x0000000e   Code   RO          939    i.__scatterload_zeroinit  mc_p.l(handlers.o)
    0x00000d40   0x00000d40   0x00000060   Code   RO          656    i.adc_read          nuc130lc1cn.o
    0x00000da0   0x00000da0   0x00000074   Code   RO          657    i.auto_off          nuc130lc1cn.o
    0x00000e14   0x00000e14   0x00000040   Code   RO          658    i.check_pop         nuc130lc1cn.o
    0x00000e54   0x00000e54   0x0000003c   Code   RO          660    i.check_popusb      nuc130lc1cn.o
    0x00000e90   0x00000e90   0x00000010   Code   RO          661    i.clrflag           nuc130lc1cn.o
    0x00000ea0   0x00000ea0   0x00000010   Code   RO          662    i.isflag            nuc130lc1cn.o
    0x00000eb0   0x00000eb0   0x0000014c   Code   RO          663    i.main              nuc130lc1cn.o
    0x00000ffc   0x00000ffc   0x00000104   Code   RO          665    i.rf_3355_mast_read  nuc130lc1cn.o
    0x00001100   0x00001100   0x00000010   Code   RO          666    i.ring_ini_rf       nuc130lc1cn.o
    0x00001110   0x00001110   0x00000010   Code   RO          667    i.ring_ini_usb      nuc130lc1cn.o
    0x00001120   0x00001120   0x0000032c   Code   RO          668    i.run_function      nuc130lc1cn.o
    0x0000144c   0x0000144c   0x00000808   Code   RO          669    i.run_game_mode     nuc130lc1cn.o
    0x00001c54   0x00001c54   0x000000a4   Code   RO          670    i.run_keyboard_adc_return  nuc130lc1cn.o
    0x00001cf8   0x00001cf8   0x00000358   Code   RO          671    i.run_keyboard_define  nuc130lc1cn.o
    0x00002050   0x00002050   0x000000b8   Code   RO          672    i.run_processor_chosung_to_number  nuc130lc1cn.o
    0x00002108   0x00002108   0x00000168   Code   RO          673    i.run_processor_keyin_ret_ascii_chosung  nuc130lc1cn.o
    0x00002270   0x00002270   0x00000028   Code   RO          674    i.run_student_receive_checksum  nuc130lc1cn.o
    0x00002298   0x00002298   0x0000004c   Code   RO          675    i.run_student_send  nuc130lc1cn.o
    0x000022e4   0x000022e4   0x00000010   Code   RO          676    i.setflag           nuc130lc1cn.o
    0x000022f4   0x000022f4   0x0000019c   Code   RO          677    i.setup             nuc130lc1cn.o
    0x00002490   0x00002490   0x00000018   Code   RO          678    i.time0_delay       nuc130lc1cn.o
    0x000024a8   0x000024a8   0x00000018   Code   RO          679    i.time1_delay       nuc130lc1cn.o
    0x000024c0   0x000024c0   0x00000024   Code   RO          680    i.usb2rf            nuc130lc1cn.o
    0x000024e4   0x000024e4   0x00000038   Data   RO          149    .constdata          clk.o
    0x0000251c   0x0000251c   0x00000020   Data   RO          399    .constdata          timer.o
    0x0000253c   0x0000253c   0x00000030   Data   RO          471    .constdata          uart.o
    0x0000256c   0x0000256c   0x00000020   Data   RO          935    Region$$Table       anon$$obj.o


    Execution Region ER_RW (Exec base: 0x20000000, Load base: 0x0000258c, Size: 0x00000048, Max: 0xffffffff, ABSOLUTE)

    Exec Addr    Load Addr    Size         Type   Attr      Idx    E Section Name        Object

    0x20000000   0x0000258c   0x0000002c   Data   RW           15    .data               system_nuc100series.o
    0x2000002c   0x000025b8   0x0000001c   Data   RW          682    .data               nuc130lc1cn.o


    Execution Region ER_ZI (Exec base: 0x20000048, Load base: 0x000025d4, Size: 0x000005b8, Max: 0xffffffff, ABSOLUTE)

    Exec Addr    Load Addr    Size         Type   Attr      Idx    E Section Name        Object

    0x20000048        -       0x000001b4   Zero   RW          681    .bss                nuc130lc1cn.o
    0x200001fc   0x000025d4   0x00000004   PAD
    0x20000200        -       0x00000400   Zero   RW            1    STACK               startup_nuc1xx.o


==============================================================================

Image component sizes


      Code (inc. data)   RO Data    RW Data    ZI Data      Debug   Object Name

        32          6          0          0          0       1047   adc.o
       488         50         56          0          0       3427   clk.o
        46          0          0          0          0       1059   gpio.o
      6764        782          0         28        436      64594   nuc130lc1cn.o
        76         32        192          0       1024        744   startup_nuc1xx.o
        18          0          0          0          0        487   sys.o
       230         40          0         44          0     118419   system_nuc100series.o
       214         22         32          0          0       2000   timer.o
       388         48         48          0          0     100873   uart.o

    ----------------------------------------------------------------------
      8264        980        360         72       1464     292650   Object Totals
         0          0         32          0          0          0   (incl. Generated)
         8          0          0          0          4          0   (incl. Padding)

    ----------------------------------------------------------------------

      Code (inc. data)   RO Data    RW Data    ZI Data      Debug   Library Member Name

         0          0          0          0          0          0   entry.o
         0          0          0          0          0          0   entry10a.o
         0          0          0          0          0          0   entry11a.o
         4          0          0          0          0          0   entry12b.o
         8          4          0          0          0          0   entry2.o
         4          0          0          0          0          0   entry5.o
         0          0          0          0          0          0   entry7b.o
         0          0          0          0          0          0   entry8b.o
         8          4          0          0          0          0   entry9a.o
        30          0          0          0          0          0   handlers.o
        40          0          0          0          0         72   idiv.o
        36          8          0          0          0         68   init.o
         0          0          0          0          0          0   iusefp.o
        32          0          0          0          0         68   llshl.o
        34          0          0          0          0         68   llushr.o
        36          0          0          0          0         60   memcpya.o
        18          0          0          0          0         60   strcpy.o
        44          0          0          0          0         72   uidiv.o
       236          0          0          0          0        216   depilogue.o
        60         10          0          0          0         68   dfixui.o
       208          6          0          0          0         88   dmul.o
        40          0          0          0          0         60   f2d.o
       130          0          0          0          0        144   fepilogue.o
        14          0          0          0          0         68   ffltui.o

    ----------------------------------------------------------------------
       988         32          0          0          0       1112   Library Totals
         6          0          0          0          0          0   (incl. Padding)

    ----------------------------------------------------------------------

      Code (inc. data)   RO Data    RW Data    ZI Data      Debug   Library Name

       294         16          0          0          0        468   mc_p.l
       688         16          0          0          0        644   mf_p.l

    ----------------------------------------------------------------------
       988         32          0          0          0       1112   Library Totals

    ----------------------------------------------------------------------

==============================================================================


      Code (inc. data)   RO Data    RW Data    ZI Data      Debug   

      9252       1012        360         72       1464     291274   Grand Totals
      9252       1012        360         72       1464     291274   ELF Image Totals
      9252       1012        360         72          0          0   ROM Totals

==============================================================================

    Total RO  Size (Code + RO Data)                 9612 (   9.39kB)
    Total RW  Size (RW Data + ZI Data)              1536 (   1.50kB)
    Total ROM Size (Code + RO Data + RW Data)       9684 (   9.46kB)

==============================================================================

